[    0.000000] Linux version 4.15.0-167-generic (buildd@lcy02-amd64-045) (gcc version 7.5.0 (Ubuntu 7.5.0-3ubuntu1~18.04)) #175-Ubuntu SMP Wed Jan 5 01:56:07 UTC 2022 (Ubuntu 4.15.0-167.175-generic 4.15.18)
[    0.000000] Command line: BOOT_IMAGE=/boot/vmlinuz-4.15.0-167-generic root=LABEL=cloudimg-rootfs ro console=tty1 console=ttyS0
[    0.000000] KERNEL supported cpus:
[    0.000000]   Intel GenuineIntel
[    0.000000]   AMD AuthenticAMD
[    0.000000]   Centaur CentaurHauls
[    0.000000] x86/fpu: x87 FPU will use FXSAVE
[    0.000000] e820: BIOS-provided physical RAM map:
[    0.000000] BIOS-e820: [mem 0x0000000000000000-0x000000000009fbff] usable
[    0.000000] BIOS-e820: [mem 0x000000000009fc00-0x000000000009ffff] reserved
[    0.000000] BIOS-e820: [mem 0x00000000000f0000-0x00000000000fffff] reserved
[    0.000000] BIOS-e820: [mem 0x0000000000100000-0x000000003ffeffff] usable
[    0.000000] BIOS-e820: [mem 0x000000003fff0000-0x000000003fffffff] ACPI data
[    0.000000] BIOS-e820: [mem 0x00000000fec00000-0x00000000fec00fff] reserved
[    0.000000] BIOS-e820: [mem 0x00000000fee00000-0x00000000fee00fff] reserved
[    0.000000] BIOS-e820: [mem 0x00000000fffc0000-0x00000000ffffffff] reserved
[    0.000000] NX (Execute Disable) protection: active
[    0.000000] SMBIOS 2.5 present.
[    0.000000] DMI: innotek GmbH VirtualBox/VirtualBox, BIOS VirtualBox 12/01/2006
[    0.000000] Hypervisor detected: KVM
[    0.000000] e820: last_pfn = 0x3fff0 max_arch_pfn = 0x400000000
[    0.000000] MTRR: Disabled
[    0.000000] x86/PAT: MTRRs disabled, skipping PAT initialization too.
[    0.000000] CPU MTRRs all blank - virtualized system.
[    0.000000] x86/PAT: Configuration [0-7]: WB  WT  UC- UC  WB  WT  UC- UC  
[    0.000000] found SMP MP-table at [mem 0x0009fff0-0x0009ffff]
[    0.000000] Scanning 1 areas for low memory corruption
[    0.000000] RAMDISK: [mem 0x359c9000-0x36cdbfff]
[    0.000000] ACPI: Early table checksum verification disabled
[    0.000000] ACPI: RSDP 0x00000000000E0000 000024 (v02 VBOX  )
[    0.000000] ACPI: XSDT 0x000000003FFF0030 00003C (v01 VBOX   VBOXXSDT 00000001 ASL  00000061)
[    0.000000] ACPI: FACP 0x000000003FFF00F0 0000F4 (v04 VBOX   VBOXFACP 00000001 ASL  00000061)
[    0.000000] ACPI: DSDT 0x000000003FFF0470 002325 (v02 VBOX   VBOXBIOS 00000002 INTL 20100528)
[    0.000000] ACPI: FACS 0x000000003FFF0200 000040
[    0.000000] ACPI: FACS 0x000000003FFF0200 000040
[    0.000000] ACPI: APIC 0x000000003FFF0240 00005C (v02 VBOX   VBOXAPIC 00000001 ASL  00000061)
[    0.000000] ACPI: SSDT 0x000000003FFF02A0 0001CC (v01 VBOX   VBOXCPUT 00000002 INTL 20100528)
[    0.000000] ACPI: Reserving FACP table memory at [mem 0x3fff00f0-0x3fff01e3]
[    0.000000] ACPI: Reserving DSDT table memory at [mem 0x3fff0470-0x3fff2794]
[    0.000000] ACPI: Reserving FACS table memory at [mem 0x3fff0200-0x3fff023f]
[    0.000000] ACPI: Reserving FACS table memory at [mem 0x3fff0200-0x3fff023f]
[    0.000000] ACPI: Reserving APIC table memory at [mem 0x3fff0240-0x3fff029b]
[    0.000000] ACPI: Reserving SSDT table memory at [mem 0x3fff02a0-0x3fff046b]
[    0.000000] No NUMA configuration found
[    0.000000] Faking a node at [mem 0x0000000000000000-0x000000003ffeffff]
[    0.000000] NODE_DATA(0) allocated [mem 0x3ffc5000-0x3ffeffff]
[    0.000000] kvm-clock: cpu 0, msr 0:3ff44001, primary cpu clock
[    0.000000] kvm-clock: Using msrs 4b564d01 and 4b564d00
[    0.000000] kvm-clock: using sched offset of 3887940125 cycles
[    0.000000] clocksource: kvm-clock: mask: 0xffffffffffffffff max_cycles: 0x1cd42e4dffb, max_idle_ns: 881590591483 ns
[    0.000000] Zone ranges:
[    0.000000]   DMA      [mem 0x0000000000001000-0x0000000000ffffff]
[    0.000000]   DMA32    [mem 0x0000000001000000-0x000000003ffeffff]
[    0.000000]   Normal   empty
[    0.000000]   Device   empty
[    0.000000] Movable zone start for each node
[    0.000000] Early memory node ranges
[    0.000000]   node   0: [mem 0x0000000000001000-0x000000000009efff]
[    0.000000]   node   0: [mem 0x0000000000100000-0x000000003ffeffff]
[    0.000000] Reserved but unavailable: 104 pages
[    0.000000] Initmem setup node 0 [mem 0x0000000000001000-0x000000003ffeffff]
[    0.000000] ACPI: PM-Timer IO Port: 0x4008
[    0.000000] IOAPIC[0]: apic_id 2, version 32, address 0xfec00000, GSI 0-23
[    0.000000] ACPI: INT_SRC_OVR (bus 0 bus_irq 0 global_irq 2 dfl dfl)
[    0.000000] ACPI: INT_SRC_OVR (bus 0 bus_irq 9 global_irq 9 low level)
[    0.000000] Using ACPI (MADT) for SMP configuration information
[    0.000000] smpboot: Allowing 2 CPUs, 0 hotplug CPUs
[    0.000000] PM: Registered nosave memory: [mem 0x00000000-0x00000fff]
[    0.000000] PM: Registered nosave memory: [mem 0x0009f000-0x0009ffff]
[    0.000000] PM: Registered nosave memory: [mem 0x000a0000-0x000effff]
[    0.000000] PM: Registered nosave memory: [mem 0x000f0000-0x000fffff]
[    0.000000] e820: [mem 0x40000000-0xfebfffff] available for PCI devices
[    0.000000] Booting paravirtualized kernel on KVM
[    0.000000] clocksource: refined-jiffies: mask: 0xffffffff max_cycles: 0xffffffff, max_idle_ns: 7645519600211568 ns
[    0.000000] random: get_random_bytes called from start_kernel+0x99/0x500 with crng_init=0
[    0.000000] setup_percpu: NR_CPUS:8192 nr_cpumask_bits:2 nr_cpu_ids:2 nr_node_ids:1
[    0.000000] percpu: Embedded 50 pages/cpu s167936 r8192 d28672 u1048576
[    0.000000] PV qspinlock hash table entries: 256 (order: 0, 4096 bytes)
[    0.000000] Built 1 zonelists, mobility grouping on.  Total pages: 257913
[    0.000000] Policy zone: DMA32
[    0.000000] Kernel command line: BOOT_IMAGE=/boot/vmlinuz-4.15.0-167-generic root=LABEL=cloudimg-rootfs ro console=tty1 console=ttyS0
[    0.000000] Memory: 982636K/1048120K available (12300K kernel code, 2483K rwdata, 4324K rodata, 2476K init, 2724K bss, 65484K reserved, 0K cma-reserved)
[    0.000000] SLUB: HWalign=64, Order=0-3, MinObjects=0, CPUs=2, Nodes=1
[    0.000000] ftrace: allocating 39494 entries in 155 pages
[    0.004000] Hierarchical RCU implementation.
[    0.004000] 	RCU restricting CPUs from NR_CPUS=8192 to nr_cpu_ids=2.
[    0.004000] 	Tasks RCU enabled.
[    0.004000] RCU: Adjusting geometry for rcu_fanout_leaf=16, nr_cpu_ids=2
[    0.004000] NR_IRQS: 524544, nr_irqs: 440, preallocated irqs: 16
[    0.004000] Console: colour VGA+ 80x25
[    0.004000] console [tty1] enabled
[    0.004000] console [ttyS0] enabled
[    0.004000] ACPI: Core revision 20170831
[    0.004000] ACPI: 2 ACPI AML tables successfully acquired and loaded
[    0.004000] APIC: Switch to symmetric I/O mode setup
[    0.004000] ..TIMER: vector=0x30 apic1=0 pin1=2 apic2=-1 pin2=-1
[    0.004000] tsc: Detected 1800.005 MHz processor
[    0.004000] Calibrating delay loop (skipped) preset value.. 3600.01 BogoMIPS (lpj=7200020)
[    0.004000] pid_max: default: 32768 minimum: 301
[    0.004000] Security Framework initialized
[    0.004000] Yama: becoming mindful.
[    0.004000] AppArmor: AppArmor initialized
[    0.004000] Dentry cache hash table entries: 131072 (order: 8, 1048576 bytes)
[    0.004000] Inode-cache hash table entries: 65536 (order: 7, 524288 bytes)
[    0.004000] Mount-cache hash table entries: 2048 (order: 2, 16384 bytes)
[    0.004000] Mountpoint-cache hash table entries: 2048 (order: 2, 16384 bytes)
[    0.004942] Last level iTLB entries: 4KB 64, 2MB 8, 4MB 8
[    0.008000] Last level dTLB entries: 4KB 64, 2MB 0, 4MB 0, 1GB 4
[    0.008000] Spectre V1 : Mitigation: usercopy/swapgs barriers and __user pointer sanitization
[    0.008000] Spectre V2 : Mitigation: Enhanced IBRS
[    0.008000] Spectre V2 : Spectre v2 / SpectreRSB mitigation: Filling RSB on context switch
[    0.008000] Speculative Store Bypass: Vulnerable
[    0.008000] Freeing SMP alternatives memory: 36K
[    0.016000] APIC calibration not consistent with PM-Timer: 107ms instead of 100ms
[    0.016000] APIC delta adjusted to PM-Timer: 6419410 (6889128)
[    0.016000] smpboot: CPU0: Intel(R) Core(TM) i5-8265U CPU @ 1.60GHz (family: 0x6, model: 0x8e, stepping: 0xc)
[    0.016000] Performance Events: unsupported p6 CPU model 142 no PMU driver, software events only.
[    0.016000] Hierarchical SRCU implementation.
[    0.016000] NMI watchdog: Perf event create on CPU 0 failed with -2
[    0.016000] NMI watchdog: Perf NMI watchdog permanently disabled
[    0.016000] smp: Bringing up secondary CPUs ...
[    0.016000] x86: Booting SMP configuration:
[    0.016000] .... node  #0, CPUs:      #1
[    0.004000] kvm-clock: cpu 1, msr 0:3ff44041, secondary cpu clock
[    0.028112] smp: Brought up 1 node, 2 CPUs
[    0.031677] smpboot: Max logical packages: 1
[    0.032000] smpboot: Total of 2 processors activated (7200.02 BogoMIPS)
[    0.036086] devtmpfs: initialized
[    0.038878] x86/mm: Memory block size: 128MB
[    0.040000] evm: security.selinux
[    0.040000] evm: security.SMACK64
[    0.040000] evm: security.SMACK64EXEC
[    0.040000] evm: security.SMACK64TRANSMUTE
[    0.040000] evm: security.SMACK64MMAP
[    0.040000] evm: security.apparmor
[    0.040000] evm: security.ima
[    0.040000] evm: security.capability
[    0.044277] clocksource: jiffies: mask: 0xffffffff max_cycles: 0xffffffff, max_idle_ns: 7645041785100000 ns
[    0.048000] futex hash table entries: 512 (order: 3, 32768 bytes)
[    0.048000] pinctrl core: initialized pinctrl subsystem
[    0.048000] RTC time: 23:21:50, date: 03/08/22
[    0.048000] NET: Registered protocol family 16
[    0.048000] audit: initializing netlink subsys (disabled)
[    0.048204] audit: type=2000 audit(1646781715.157:1): state=initialized audit_enabled=0 res=1
[    0.056029] cpuidle: using governor ladder
[    0.059946] cpuidle: using governor menu
[    0.060000] ACPI: bus type PCI registered
[    0.060000] acpiphp: ACPI Hot Plug PCI Controller Driver version: 0.5
[    0.060000] PCI: Using configuration type 1 for base access
[    0.064334] HugeTLB registered 2.00 MiB page size, pre-allocated 0 pages
[    0.068621] ACPI: Added _OSI(Module Device)
[    0.071233] ACPI: Added _OSI(Processor Device)
[    0.072000] ACPI: Added _OSI(3.0 _SCP Extensions)
[    0.072000] ACPI: Added _OSI(Processor Aggregator Device)
[    0.072000] ACPI: Added _OSI(Linux-Dell-Video)
[    0.072000] ACPI: Added _OSI(Linux-Lenovo-NV-HDMI-Audio)
[    0.072000] ACPI: Added _OSI(Linux-HPI-Hybrid-Graphics)
[    0.072582] ACPI: Executed 1 blocks of module-level executable AML code
[    0.077816] ACPI: Interpreter enabled
[    0.080000] ACPI: (supports S0 S5)
[    0.080000] ACPI: Using IOAPIC for interrupt routing
[    0.080292] PCI: Using host bridge windows from ACPI; if necessary, use "pci=nocrs" and report a bug
[    0.084000] ACPI: Enabled 2 GPEs in block 00 to 07
[    0.092198] ACPI: PCI Root Bridge [PCI0] (domain 0000 [bus 00-ff])
[    0.096000] acpi PNP0A03:00: _OSC: OS supports [ASPM ClockPM Segments MSI]
[    0.096663] acpi PNP0A03:00: _OSC: not requesting OS control; OS requires [ExtendedConfig ASPM ClockPM MSI]
[    0.100000] acpi PNP0A03:00: fail to add MMCONFIG information, can't access extended PCI configuration space under this bridge.
[    0.100679] PCI host bridge to bus 0000:00
[    0.104000] pci_bus 0000:00: root bus resource [io  0x0000-0x0cf7 window]
[    0.104000] pci_bus 0000:00: root bus resource [io  0x0d00-0xffff window]
[    0.104000] pci_bus 0000:00: root bus resource [mem 0x000a0000-0x000bffff window]
[    0.104000] pci_bus 0000:00: root bus resource [mem 0x40000000-0xfdffffff window]
[    0.104000] pci_bus 0000:00: root bus resource [bus 00-ff]
[    0.109961] pci 0000:00:01.1: legacy IDE quirk: reg 0x10: [io  0x01f0-0x01f7]
[    0.112000] pci 0000:00:01.1: legacy IDE quirk: reg 0x14: [io  0x03f6]
[    0.112000] pci 0000:00:01.1: legacy IDE quirk: reg 0x18: [io  0x0170-0x0177]
[    0.112000] pci 0000:00:01.1: legacy IDE quirk: reg 0x1c: [io  0x0376]
[    0.125849] pci 0000:00:07.0: quirk: [io  0x4000-0x403f] claimed by PIIX4 ACPI
[    0.128000] pci 0000:00:07.0: quirk: [io  0x4100-0x410f] claimed by PIIX4 SMB
[    0.137897] ACPI: PCI Interrupt Link [LNKA] (IRQs 5 9 10 *11)
[    0.140426] ACPI: PCI Interrupt Link [LNKB] (IRQs 5 9 *10 11)
[    0.144000] ACPI: PCI Interrupt Link [LNKC] (IRQs 5 *9 10 11)
[    0.144000] ACPI: PCI Interrupt Link [LNKD] (IRQs 5 9 10 *11)
[    0.144000] SCSI subsystem initialized
[    0.144230] pci 0000:00:02.0: vgaarb: setting as boot VGA device
[    0.148000] pci 0000:00:02.0: vgaarb: VGA device added: decodes=io+mem,owns=io+mem,locks=none
[    0.148000] pci 0000:00:02.0: vgaarb: bridge control possible
[    0.148000] vgaarb: loaded
[    0.148000] ACPI: bus type USB registered
[    0.148000] usbcore: registered new interface driver usbfs
[    0.148000] usbcore: registered new interface driver hub
[    0.148000] usbcore: registered new device driver usb
[    0.148214] EDAC MC: Ver: 3.0.0
[    0.152370] PCI: Using ACPI for IRQ routing
[    0.156315] NetLabel: Initializing
[    0.158968] NetLabel:  domain hash size = 128
[    0.160000] NetLabel:  protocols = UNLABELED CIPSOv4 CALIPSO
[    0.160000] NetLabel:  unlabeled traffic allowed by default
[    0.160345] clocksource: Switched to clocksource kvm-clock
[    0.164000] VFS: Disk quotas dquot_6.6.0
[    0.164000] VFS: Dquot-cache hash table entries: 512 (order 0, 4096 bytes)
[    0.164000] AppArmor: AppArmor Filesystem Enabled
[    0.164000] pnp: PnP ACPI init
[    0.214527] pnp: PnP ACPI: found 3 devices
[    0.256434] clocksource: acpi_pm: mask: 0xffffff max_cycles: 0xffffff, max_idle_ns: 2085701024 ns
[    0.260388] NET: Registered protocol family 2
[    0.260388] IP idents hash table entries: 16384 (order: 5, 131072 bytes)
[    0.273278] TCP established hash table entries: 8192 (order: 4, 65536 bytes)
[    0.276906] TCP bind hash table entries: 8192 (order: 5, 131072 bytes)
[    0.276906] TCP: Hash tables configured (established 8192 bind 8192)
[    0.276906] UDP hash table entries: 512 (order: 2, 16384 bytes)
[    0.276906] UDP-Lite hash table entries: 512 (order: 2, 16384 bytes)
[    0.276906] NET: Registered protocol family 1
[    0.276906] pci 0000:00:00.0: Limiting direct PCI/PCI transfers
[    0.276906] pci 0000:00:01.0: Activating ISA DMA hang workarounds
[    0.276906] pci 0000:00:02.0: Video device with shadowed ROM at [mem 0x000c0000-0x000dffff]
[    0.276906] Unpacking initramfs...
[    0.276906] Freeing initrd memory: 19532K
[    0.746971] clocksource: tsc: mask: 0xffffffffffffffff max_cycles: 0x19f22e42037, max_idle_ns: 440795249997 ns
[    0.750879] platform rtc_cmos: registered platform RTC device (no PNP device found)
[    0.750879] Scanning for low memory corruption every 60 seconds
[    0.772175] Initialise system trusted keyrings
[    0.775722] Key type blacklist registered
[    0.781386] workingset: timestamp_bits=36 max_order=18 bucket_order=0
[    0.785019] zbud: loaded
[    0.790822] squashfs: version 4.0 (2009/01/31) Phillip Lougher
[    0.796754] fuse init (API version 7.26)
[    0.816796] Key type asymmetric registered
[    0.820340] Asymmetric key parser 'x509' registered
[    0.820787] Block layer SCSI generic (bsg) driver version 0.4 loaded (major 246)
[    0.829838] io scheduler noop registered
[    0.832841] io scheduler deadline registered
[    0.833427] io scheduler cfq registered (default)
[    0.840117] ACPI: AC Adapter [AC] (on-line)
[    0.843134] input: Power Button as /devices/LNXSYSTM:00/LNXPWRBN:00/input/input0
[    0.849086] ACPI: Power Button [PWRF]
[    0.852632] input: Sleep Button as /devices/LNXSYSTM:00/LNXSLPBN:00/input/input1
[    0.856563] ACPI: Sleep Button [SLPF]
[    0.862594] ACPI: Battery Slot [BAT0] (battery present)
[    0.867698] Serial: 8250/16550 driver, 32 ports, IRQ sharing enabled
[    0.897690] 00:02: ttyS0 at I/O 0x3f8 (irq = 4, base_baud = 115200) is a 16550A
[    0.915231] Linux agpgart interface v0.103
[    0.924484] loop: module loaded
[    0.929464] scsi host0: ata_piix
[    0.932450] scsi host1: ata_piix
[    0.934996] ata1: PATA max UDMA/33 cmd 0x1f0 ctl 0x3f6 bmdma 0xd000 irq 14
[    0.936133] ata2: PATA max UDMA/33 cmd 0x170 ctl 0x376 bmdma 0xd008 irq 15
[    0.946034] libphy: Fixed MDIO Bus: probed
[    0.949516] tun: Universal TUN/TAP device driver, 1.6
[    0.954160] PPP generic driver version 2.4.2
[    0.957566] ehci_hcd: USB 2.0 'Enhanced' Host Controller (EHCI) Driver
[    0.961489] ehci-pci: EHCI PCI platform driver
[    0.961489] ehci-platform: EHCI generic platform driver
[    0.961489] ohci_hcd: USB 1.1 'Open' Host Controller (OHCI) Driver
[    0.961489] ohci-pci: OHCI PCI platform driver
[    0.961489] ohci-platform: OHCI generic platform driver
[    0.961489] uhci_hcd: USB Universal Host Controller Interface driver
[    0.961489] i8042: PNP: PS/2 Controller [PNP0303:PS2K,PNP0f03:PS2M] at 0x60,0x64 irq 1,12
[    0.996825] serio: i8042 KBD port at 0x60,0x64 irq 1
[    0.999258] serio: i8042 AUX port at 0x60,0x64 irq 12
[    1.005610] mousedev: PS/2 mouse device common for all mice
[    1.012276] rtc_cmos rtc_cmos: rtc core: registered rtc_cmos as rtc0
[    1.016172] rtc_cmos rtc_cmos: alarms up to one day, 114 bytes nvram
[    1.020600] i2c /dev entries driver
[    1.020600] device-mapper: uevent: version 1.0.3
[    1.029195] device-mapper: ioctl: 4.37.0-ioctl (2017-09-20) initialised: dm-devel@redhat.com
[    1.035457] ledtrig-cpu: registered to indicate activity on CPUs
[    1.041924] NET: Registered protocol family 10
[    1.046331] input: AT Translated Set 2 keyboard as /devices/platform/i8042/serio0/input/input2
[    1.059503] Segment Routing with IPv6
[    1.062982] NET: Registered protocol family 17
[    1.067082] Key type dns_resolver registered
[    1.071122] mce: Using 0 MCE banks
[    1.074244] RAS: Correctable Errors collector initialized.
[    1.075094] sched_clock: Marking stable (1071094073, 0)->(2076012897, -1004918824)
[    1.087107] registered taskstats version 1
[    1.090608] Loading compiled-in X.509 certificates
[    1.098082] Loaded X.509 cert 'Build time autogenerated kernel key: 51c91b167e8daada285dd448a981da05683ebd03'
[    1.105795] Loaded X.509 cert 'Canonical Ltd. Live Patch Signing: 14df34d1a87cf37625abec039ef2bf521249b969'
[    1.113673] Loaded X.509 cert 'Canonical Ltd. Kernel Module Signing: 88f752e560a1e0737e31163a466ad7b70a850c19'
[    1.121357] blacklist: Loading compiled-in revocation X.509 certificates
[    1.126322] Loaded X.509 cert 'Canonical Ltd. Secure Boot Signing: 61482aa2830d0ab2ad5af10b7250da9033ddcef0'
[    1.133284] zswap: loaded using pool lzo/zbud
[    1.169023] Key type big_key registered
[    1.172776] Key type trusted registered
[    1.178888] Key type encrypted registered
[    1.182394] AppArmor: AppArmor sha1 policy hashing enabled
[    1.186261] ima: No TPM chip found, activating TPM-bypass! (rc=-19)
[    1.190831] ima: Allocated hash algorithm: sha1
[    1.194386] evm: HMAC attrs: 0x1
[    1.197439]   Magic number: 14:844:402
[    1.200608] rtc_cmos rtc_cmos: setting system clock to 2022-03-08 23:21:52 UTC (1646781712)
[    1.206730] BIOS EDD facility v0.16 2004-Jun-25, 0 devices found
[    1.211098] EDD information not available.
[    1.217743] Freeing unused kernel image memory: 2476K
[    1.244284] Write protecting the kernel read-only data: 20480k
[    1.250253] Freeing unused kernel image memory: 2008K
[    1.254359] Freeing unused kernel image memory: 1820K
[    1.265120] x86/mm: Checked W+X mappings: passed, no W+X pages found.
Loading, please wait...
starting version 237
[    1.342098] e1000: Intel(R) PRO/1000 Network Driver - version 7.3.21-k8-NAPI
[    1.348460] e1000: Copyright (c) 1999-2006 Intel Corporation.
[    1.360251] Fusion MPT base driver 3.04.20
[    1.364251] Copyright (c) 1999-2008 LSI Corporation
[    1.403364] Fusion MPT SPI Host driver 3.04.20
[    1.647113] input: ImExPS/2 Generic Explorer Mouse as /devices/platform/i8042/serio1/input/input4
[    1.995601] e1000 0000:00:03.0 eth0: (PCI:33MHz:32-bit) 02:3b:ab:4a:a3:42
[    2.001396] e1000 0000:00:03.0 eth0: Intel(R) PRO/1000 Network Connection
[    2.593337] e1000 0000:00:08.0 eth1: (PCI:33MHz:32-bit) 08:00:27:39:64:89
[    2.598776] e1000 0000:00:08.0 eth1: Intel(R) PRO/1000 Network Connection
[    2.606262] e1000 0000:00:03.0 enp0s3: renamed from eth0
[    2.609216] mptbase: ioc0: Initiating bringup
[    2.625009] e1000 0000:00:08.0 enp0s8: renamed from eth1
[    3.423112] ioc0: LSI53C1030 A0: Capabilities={Initiator}
[    4.394956] scsi host2: ioc0: LSI53C1030 A0, FwRev=00000000h, Ports=1, MaxQ=256, IRQ=20
[    5.126731] scsi 2:0:0:0: Direct-Access     VBOX     HARDDISK         1.0  PQ: 0 ANSI: 5
[    5.156865] scsi target2:0:0: Beginning Domain Validation
[    5.169255] scsi target2:0:0: Domain Validation skipping write tests
[    5.174391] scsi target2:0:0: Ending Domain Validation
[    5.178350] scsi target2:0:0: asynchronous
[    5.183533] scsi 2:0:1:0: Direct-Access     VBOX     HARDDISK         1.0  PQ: 0 ANSI: 5
[    6.020577] scsi target2:0:1: Beginning Domain Validation
[    6.032783] scsi target2:0:1: Domain Validation skipping write tests
[    6.037550] scsi target2:0:1: Ending Domain Validation
[    6.041791] scsi target2:0:1: asynchronous
[    6.054579] random: fast init done
[    6.059454] random: systemd-udevd: uninitialized urandom read (16 bytes read)
[    6.065803] random: systemd-udevd: uninitialized urandom read (16 bytes read)
[    6.070537] random: systemd-udevd: uninitialized urandom read (16 bytes read)
[    6.075733] sd 2:0:0:0: Attached scsi generic sg0 type 0
[    6.082139] sd 2:0:1:0: Attached scsi generic sg1 type 0
[    6.088426] sd 2:0:0:0: [sda] 83886080 512-byte logical blocks: (42.9 GB/40.0 GiB)
[    6.092287] sd 2:0:1:0: [sdb] 20480 512-byte logical blocks: (10.5 MB/10.0 MiB)
[    6.102607] sd 2:0:1:0: [sdb] Write Protect is off
[    6.102709] sd 2:0:0:0: [sda] Write Protect is off
[    6.113789] sd 2:0:1:0: [sdb] Incomplete mode parameter data
[    6.113949] sd 2:0:0:0: [sda] Incomplete mode parameter data
[    6.118246] sd 2:0:1:0: [sdb] Assuming drive cache: write through
[    6.122948] sd 2:0:0:0: [sda] Assuming drive cache: write through
[    6.206198] sd 2:0:1:0: [sdb] Attached SCSI disk
[    6.238838]  sda: sda1
[    6.248832] sd 2:0:0:0: [sda] Attached SCSI disk
Begin: Loading essential drivers ... [    8.480479] raid6: sse2x1   gen() 11516 MB/s
[    8.528366] raid6: sse2x1   xor()  6863 MB/s
[    9.208212] raid6: sse2x2   gen() 12849 MB/s
[   10.208498] raid6: sse2x2   xor()  9081 MB/s
[   12.168754] raid6: sse2x4   gen() 366204 MB/s
[   13.216388] raid6: sse2x4   xor()  7570 MB/s
[   13.219667] raid6: using algorithm sse2x4 gen() 366204 MB/s
[   13.223887] raid6: .... xor() 7570 MB/s, rmw enabled
[   13.228085] raid6: using ssse3x2 recovery algorithm
[   13.236518] xor: measuring software checksum speed
[   18.183882]    prefetch64-sse: 672469.704 MB/sec
[   18.291310]    generic_sse: 38270.000 MB/sec
[   18.297947] xor: using function: prefetch64-sse (672469.704 MB/sec)
[   18.307537] async_tx: api initialized (async)
done.
Begin: Running /scripts/init-premount ... done.
Begin: Mounting root file system ... Begin: Running /scripts/local-top ... done.
Begin: Running /scripts/local-premount ... [   18.398654] Btrfs loaded, crc32c=crc32c-intel
Scanning for Btrfs filesystems
done.
Warning: fsck not present, so skipping root file system
[   18.463122] EXT4-fs (sda1): mounted filesystem with ordered data mode. Opts: (null)
done.
Begin: Running /scripts/local-bottom ... done.
Begin: Running /scripts/init-bottom ... done.
[   18.736009] ip_tables: (C) 2000-2006 Netfilter Core Team
[   18.759654] systemd[1]: systemd 237 running in system mode. (+PAM +AUDIT +SELINUX +IMA +APPARMOR +SMACK +SYSVINIT +UTMP +LIBCRYPTSETUP +GCRYPT +GNUTLS +ACL +XZ +LZ4 +SECCOMP +BLKID +ELFUTILS +KMOD -IDN2 +IDN -PCRE2 default-hierarchy=hybrid)
[   18.780708] systemd[1]: Detected virtualization oracle.
[   18.786031] systemd[1]: Detected architecture x86-64.

Welcome to [1mUbuntu 18.04.6 LTS[0m!

[   18.837528] systemd[1]: Set hostname to <ubuntu>.
[   18.850528] systemd[1]: Initializing machine ID from random generator.
[   18.857032] systemd[1]: Installed transient /etc/machine-id file.
[   19.363527] systemd[1]: Reached target System Time Synchronized.
[[0;32m  OK  [0m] Reached target System Time Synchronized.
[   19.373551] systemd[1]: Reached target User and Group Name Lookups.
[[0;32m  OK  [0m] Reached target User and Group Name Lookups.
[   19.401820] systemd[1]: Created slice System Slice.
[[0;32m  OK  [0m] Created slice System Slice.
[   19.412945] systemd[1]: Listening on Syslog Socket.
[[0;32m  OK  [0m] Listening on Syslog Socket.
[[0;32m  OK  [0m] Listening on LVM2 metadata daemon socket.
[[0;32m  OK  [0m] Listening on udev Kernel Socket.
[[0;32m  OK  [0m] Listening on LVM2 poll daemon socket.
[[0;32m  OK  [0m] Listening on Network Service Netlink Socket.
[[0;32m  OK  [0m] Listening on Journal Socket (/dev/log).
[[0;32m  OK  [0m] Listening on Journal Socket.
         Starting Set the console keyboard layout...
         Mounting Kernel Debug File System...
         Starting Load Kernel Modules...
[[0;32m  OK  [0m] Listening on Device-mapper event daemon FIFOs.
[[0;32m  OK  [0m] Listening on Journal Audit Socket.
[[0;32m  OK  [0m] Reached target Swap.
         Starting Create list of required stâ€¦ce nodes for the current kernel...
         Mounting Huge Pages File System...
         Mounting POSIX Message Queue File System...
         Starting Uncomplicated firewall...
         Starting Journal Service...
[[0;32m  OK  [0m] Listening on fsck to fsckd communication Socket.
[[0;32m  OK  [0m] Set up automount Arbitrary Executabâ€¦rmats File System Automount Point.
[   19.571478] Loading iSCSI transport class v2.0-870.
[[0;32m  OK  [0m] Created slice User and Session Slice.
[[0;32m  OK  [0m] Reached target Slices.
[[0;32m  OK  [0m] Created slice system-serial\x2dgetty.slice.
[[0;32m  OK  [0m] Started Forward Password Requests to Wall Directory Watch.
         Starting File System Check on Root Device...
         Starting Monitoring of LVM2 mirrorsâ€¦ng dmeventd or progress polling...
[[0;32m  OK  [0m] Listening on /dev/initctl Compatibility Named Pipe.
[[0;32m  OK  [0m] Listening on udev Control Socket.
         Starting udev Coldplug all Devices...
[[0;32m  OK  [0m] Mounted Kernel Debug File System.
[[0;32m  OK  [0m] Started Create list of required staâ€¦vice nodes for the current kernel.
[[0;32m  OK  [0m] Mounted Huge Pages File System.
[[0;32m  OK  [0m] Mounted POSIX Message Queue File System.
[[0;32m  OK  [0m] Started Uncomplicated firewall.
         Starting Create Static Device Nodes in /dev...
[[0;32m  OK  [0m] Started File System Check Daemon to report status.
[[0;32m  OK  [0m] Started LVM2 metadata daemon.
[[0;32m  OK  [0m] Started Journal Service.
[   19.831900] iscsi: registered transport (tcp)
[[0;32m  OK  [0m] Started udev Coldplug all Devices.
[[0;32m  OK  [0m] Started Create Static Device Nodes in /dev.
[[0;32m  OK  [0m] Started File System Check on Root Device.
         Starting Remount Root and Kernel File Systems...
[   20.068890] EXT4-fs (sda1): re-mounted. Opts: (null)
[[0;32m  OK  [0m] Started Remount Root and Kernel File Systems.
         Starting Load/Save Random Seed...
         Starting udev Kernel Device Manager...
         Starting Flush Journal to Persistent Storage...
[[0;32m  OK  [0m] Started Monitoring of LVM2 mirrors,â€¦sing dmeventd or progress polling.
[[0;32m  OK  [0m] Started Load/Save Random Seed.
[   20.217997] systemd-journald[384]: Received request to flush runtime journal from PID 1
[[0;32m  OK  [0m] Started udev Kernel Device Manager.
[   20.390688] iscsi: registered transport (iser)
[   21.203780] random: crng init done
[   21.209914] random: 7 urandom warning(s) missed due to ratelimiting
[[0;32m  OK  [0m] Started Load Kernel Modules.
         Mounting Kernel Configuration File System...
         Starting Apply Kernel Variables...
         Mounting FUSE Control File System...
[[0;32m  OK  [0m] Mounted FUSE Control File System.
[[0;32m  OK  [0m] Mounted Kernel Configuration File System.
[[0;32m  OK  [0m] Started Flush Journal to Persistent Storage.
[[0;32m  OK  [0m] Started Apply Kernel Variables.
[[0;32m  OK  [0m] Found device /dev/ttyS0.
[[0;32m  OK  [0m] Listening on Load/Save RF Kill Switch Status /dev/rfkill Watch.
[[0;32m  OK  [0m] Started Set the console keyboard layout.
[[0;32m  OK  [0m] Reached target Local File Systems (Pre).
[[0;32m  OK  [0m] Reached target Local File Systems.
         Starting ebtables ruleset management...
         Starting Create Volatile Files and Directories...
         Starting Commit a transient machine-id on disk...
         Starting Tell Plymouth To Write Out Runtime Data...
         Starting Set console font and keymap...
         Starting AppArmor initialization...
[[0;32m  OK  [0m] Started Dispatch Password Requests to Console Directory Watch.
[[0;32m  OK  [0m] Reached target Local Encrypted Volumes.
[[0;32m  OK  [0m] Started Create Volatile Files and Directories.
[[0;32m  OK  [0m] Started Tell Plymouth To Write Out Runtime Data.
         Starting Update UTMP about System Boot/Shutdown...
[[0;32m  OK  [0m] Started Commit a transient machine-id on disk.
[[0;32m  OK  [0m] Started Update UTMP about System Boot/Shutdown.
[[0;32m  OK  [0m] Started ebtables ruleset management.
[[0;32m  OK  [0m] Started AppArmor initialization.
         Starting Initial cloud-init job (pre-networking)...
         Starting Load AppArmor profiles managed internally by snapd...
[[0;32m  OK  [0m] Started Load AppArmor profiles managed internally by snapd.
[[0;32m  OK  [0m] Started Set console font and keymap.
[   26.759370] cloud-init[729]: Cloud-init v. 21.4-0ubuntu1~18.04.1 running 'init-local' at Tue, 08 Mar 2022 23:22:17 +0000. Up 26.27 seconds.
[[0;32m  OK  [0m] Started Initial cloud-init job (pre-networking).
[[0;32m  OK  [0m] Reached target Network (Pre).
         Starting Network Service...
[[0;32m  OK  [0m] Started Network Service.
         Starting Wait for Network to be Configured...
         Starting Network Name Resolution...
[[0;32m  OK  [0m] Started Network Name Resolution.
[[0;32m  OK  [0m] Reached target Network.
[[0;32m  OK  [0m] Reached target Host and Network Name Lookups.
[[0;32m  OK  [0m] Started Wait for Network to be Configured.
         Starting Initial cloud-init job (metadata service crawler)...
[   28.891014] cloud-init[923]: Cloud-init v. 21.4-0ubuntu1~18.04.1 running 'init' at Tue, 08 Mar 2022 23:22:20 +0000. Up 28.77 seconds.
[   28.898201] cloud-init[923]: ci-info: ++++++++++++++++++++++++++++++++++++++Net device info+++++++++++++++++++++++++++++++++++++++
[   28.902091] cloud-init[923]: ci-info: +--------+-------+----------------------------+---------------+--------+-------------------+
[   28.906154] cloud-init[923]: ci-info: | Device |   Up  |          Address           |      Mask     | Scope  |     Hw-Address    |
[   28.910136] cloud-init[923]: ci-info: +--------+-------+----------------------------+---------------+--------+-------------------+
[   28.913657] cloud-init[923]: ci-info: | enp0s3 |  True |         10.0.2.15          | 255.255.255.0 | global | 02:3b:ab:4a:a3:42 |
[   28.918113] cloud-init[923]: ci-info: | enp0s3 |  True | fe80::3b:abff:fe4a:a342/64 |       .       |  link  | 02:3b:ab:4a:a3:42 |
[   28.924655] cloud-init[923]: ci-info: | enp0s8 | False |             .              |       .       |   .    | 08:00:27:39:64:89 |
[   28.929592] cloud-init[923]: ci-info: |   lo   |  True |         127.0.0.1          |   255.0.0.0   |  host  |         .         |
[   28.935034] cloud-init[923]: ci-info: |   lo   |  True |          ::1/128           |       .       |  host  |         .         |
[   28.939433] cloud-init[923]: ci-info: +--------+-------+----------------------------+---------------+--------+-------------------+
[   28.943234] cloud-init[923]: ci-info: ++++++++++++++++++++++++++++Route IPv4 info+++++++++++++++++++++++++++++
[   28.947089] cloud-init[923]: ci-info: +-------+-------------+----------+-----------------+-----------+-------+
[   28.950671] cloud-init[923]: ci-info: | Route | Destination | Gateway  |     Genmask     | Interface | Flags |
[   28.954647] cloud-init[923]: ci-info: +-------+-------------+----------+-----------------+-----------+-------+
[   28.967943] cloud-init[923]: ci-info: |   0   |   0.0.0.0   | 10.0.2.2 |     0.0.0.0     |   enp0s3  |   UG  |
[   28.971190] cloud-init[923]: ci-info: |   1   |   10.0.2.0  | 0.0.0.0  |  255.255.255.0  |   enp0s3  |   U   |
[   28.975404] cloud-init[923]: ci-info: |   2   |   10.0.2.2  | 0.0.0.0  | 255.255.255.255 |   enp0s3  |   UH  |
[   28.978820] cloud-init[923]: ci-info: +-------+-------------+----------+-----------------+-----------+-------+
[   28.984235] cloud-init[923]: ci-info: +++++++++++++++++++Route IPv6 info+++++++++++++++++++
[   28.987282] cloud-init[923]: ci-info: +-------+-------------+---------+-----------+-------+
[   28.991934] cloud-init[923]: ci-info: | Route | Destination | Gateway | Interface | Flags |
[   28.995163] cloud-init[923]: ci-info: +-------+-------------+---------+-----------+-------+
[   28.997989] cloud-init[923]: ci-info: |   1   |  fe80::/64  |    ::   |   enp0s3  |   U   |
[   29.001073] cloud-init[923]: ci-info: |   3   |    local    |    ::   |   enp0s3  |   U   |
[   29.004373] cloud-init[923]: ci-info: |   4   |   ff00::/8  |    ::   |   enp0s3  |   U   |
[   29.010504] cloud-init[923]: ci-info: +-------+-------------+---------+-----------+-------+
[   30.673094] cloud-init[923]: Generating public/private rsa key pair.
[   30.675251] cloud-init[923]: Your identification has been saved in /etc/ssh/ssh_host_rsa_key.
[   30.677712] cloud-init[923]: Your public key has been saved in /etc/ssh/ssh_host_rsa_key.pub.
[   30.680384] cloud-init[923]: The key fingerprint is:
[   30.682164] cloud-init[923]: SHA256:zmXA5VdnPPoxLJw4nDBeJiR/YD2Ol0mQfWaxIQ9Wv/c root@ubuntu-bionic
[   30.685210] cloud-init[923]: The key's randomart image is:
[   30.686953] cloud-init[923]: +---[RSA 2048]----+
[   30.688425] cloud-init[923]: |       ..=*+.+o.o|
[   30.690047] cloud-init[923]: |       .+BoB+=++.|
[   30.691748] cloud-init[923]: |        +.%.%o+..|
[   30.693239] cloud-init[923]: |         +.@ = +.|
[   30.694851] cloud-init[923]: |        S + . o.+|
[   30.696319] cloud-init[923]: |       o o     .o|
[   30.697898] cloud-init[923]: |        o       E|
[   30.699475] cloud-init[923]: |                 |
[   30.701027] cloud-init[923]: |                 |
[   30.702566] cloud-init[923]: +----[SHA256]-----+
[   30.703984] cloud-init[923]: Generating public/private dsa key pair.
[   30.705943] cloud-init[923]: Your identification has been saved in /etc/ssh/ssh_host_dsa_key.
[   30.708896] cloud-init[923]: Your public key has been saved in /etc/ssh/ssh_host_dsa_key.pub.
[   30.712143] cloud-init[923]: The key fingerprint is:
[   30.713989] cloud-init[923]: SHA256:sVhySCxVyQuc3lO41srUWzhR1kvV9c2ZLDDe0oX0LxU root@ubuntu-bionic
[   30.716663] cloud-init[923]: The key's randomart image is:
[   30.718473] cloud-init[923]: +---[DSA 1024]----+
[   30.719962] cloud-init[923]: |     +o+.o ++o.E=|
[   30.729750] [cloud-init[0;32m  OK  [0m[923]: ] |    ..=.+ +.=.*.B|Started Initial cloud-init job (metadata service crawler).

[   30.733616] [cloud-init[0;32m  OK  [0m[923]: ] |     ooo+* = = *=|Reached target Network is Online.

[   30.736413] cloud-init[923]: |      .=Bo= o o..|
[   30.737991] cloud-init[923]: |      .+So +  . .|
[   30.739398] cloud-init[923]: |        o .    . |
[   30.740892] cloud-init[923]: |                 |
[   30.742444] cloud-init[923]: |                 |
[   30.744094] cloud-init[923]: |                 |
[   30.745699] cloud-init[923]: +----[SHA256]-----+
[   30.747123] cloud-init[923]: Generating public/private ecdsa key pair.
[   30.749286] cloud-init[923]: Your identification has been saved in /etc/ssh/ssh_host_ecdsa_key.
[   30.751911] cloud-init[923]: Your public key has been saved in /etc/ssh/ssh_host_ecdsa_key.pub.
[   30.754632] cloud-init[923]: The key fingerprint is:
[   30.756472] cloud-init[923]: SHA256:7nebmEUPmsBa67m4P6F74ZMBEAKVRt4PCKNtjW90dJA root@ubuntu-bionic
[   30.759816] cloud-init[923]: The key's randomart image is:
[   30.761653] cloud-init[923]: +---[ECDSA 256]---+
[   30.764761] cloud-init[923]: |+++...oo.        |
[[0;32m  OK  [0m] Reached target Remote File Systems (Pre).
[[0;32m  OK  [0m] Reached target Remote File Systems.
         Starting Availability of block devices...
[[0;32m  OK  [0m] Reached target Cloud-config availability.
[[0;32m  OK  [0m] Reached target System Initialization.
[[0;32m  OK  [0m] Started Message of the Day.
[   30.773776] cloud-init[923]: |.=o*..E.         |
[   30.814040] cloud-init[923]: |..* =..          |
[   30.816132] cloud-init[923]: | . o +..         |
         Starting LXD - unix socket.
[[0;32m  OK  [0m] Listening on UUID daemon activation socket.
[[0;32m  OK  [0m] Listening on Open-iSCSI iscsid Socket.
[[0;32m  OK  [0m] Started Discard unused blocks once a week.
[   30.826505] cloud-init[923]: |    o ..S   o    |
[   30.838921] cloud-init[923]: |   .   ++o + o   |
[   30.840934] cloud-init[923]: |      .oo=o . .  |
[[0;32m  OK  [0m] Listening on cloud-init hotplug hook socket.
[[0;32m  OK  [0m] Listening on ACPID Listen Socket.
[[0;32m  OK  [0m] Listening on D-Bus System Message Bus Socket.
[   30.844988] cloud-init[923]: |      .+*..+..   |
[   30.856000] cloud-init[923]: |      +=*=o.o.   |
[   30.857940] cloud-init[923]: +----[SHA256]-----+
[   30.862530] cloud-init[923]: Generating public/private ed25519 key pair.
[   30.864689] cloud-init[923]: Your identification has been saved in /etc/ssh/ssh_host_ed25519_key.
[[0;32m  OK  [0m] Started Daily apt download activities.
[[0;32m  OK  [0m] Started Daily apt upgrade and clean activities.
[[0;32m  OK  [0m] Started Daily Cleanup of Temporary Directories.
[   30.870449] cloud-init[923]: Your public key has been saved in /etc/ssh/ssh_host_ed25519_key.pub.
[   30.884036] cloud-init[923]: The key fingerprint is:
[   30.885982] cloud-init[923]: SHA256:mYdRAX9AIJmMcmRAJCbcM627rtB1MuaQkcxFC+21PbY root@ubuntu-bionic
[   30.888766] cloud-init[923]: The key's randomart image is:
[   30.890849] cloud-init[923]: +--[ED25519 256]--+
[   30.892807] cloud-init[923]: |++*=*o.oo+=.     |
[   30.894446] cloud-init[923]: |o=.O+o=. o .     |
[   30.895973] cloud-init[923]: |  =+=. o. . .    |
[   30.897782] cloud-init[923]: |   +. . += .     |
[   30.899497] cloud-init[923]: |  o * ..So.      |
[   30.901128] cloud-init[923]: | . * +  E.       |
[   30.902824] cloud-init[923]: |. . o            |
[   30.904697] cloud-init[923]: |.  .             |
[   30.907135] cloud-init[923]: | .o.             |
[   30.909132] cloud-init[923]: +----[SHA256]-----+
[[0;32m  OK  [0m] Started ACPI Events Check.
[[0;32m  OK  [0m] Started Trigger to poll for Ubuntu â€¦(Only enabled on GCP LTS non-pro).
[[0;32m  OK  [0m] Reached target Paths.
         Starting Socket activation for snappy daemon.
[[0;32m  OK  [0m] Started Ubuntu Advantage Timer for running repeated jobs.
[[0;32m  OK  [0m] Reached target Timers.
[[0;32m  OK  [0m] Started Availability of block devices.
[[0;32m  OK  [0m] Listening on LXD - unix socket.
[[0;32m  OK  [0m] Listening on Socket activation for snappy daemon.
[[0;32m  OK  [0m] Reached target Sockets.
[[0;32m  OK  [0m] Reached target Basic System.
[[0;32m  OK  [0m] Started D-Bus System Message Bus.
         Starting Pollinate to seed the pseudo random number generator...
         Starting LSB: Record successful boot for GRUB...
         Starting Permit User Sessions...
         Starting LSB: automatic crash report generation...
[[0;32m  OK  [0m] Started Deferred execution scheduler.
         Starting Accounts Service...
[[0;32m  OK  [0m] Started irqbalance daemon.
         Starting Virtualbox guest utils...
         Starting Login Service...
         Starting System Logging Service...
         Starting Snap Daemon...
[[0;32m  OK  [0m] Started FUSE filesystem for LXC.
[[0;32m  OK  [0m] Started Regular background program processing daemon.
         Starting Dispatcher daemon for systemd-networkd...
         Starting LXD - container startup/shutdown...
[[0;32m  OK  [0m] Started System Logging Service.
[[0;32m  OK  [0m] Started Permit User Sessions.
[[0;32m  OK  [0m] Started Login Service.
[[0;32m  OK  [0m] Started Unattended Upgrades Shutdown.
         Starting Authorization Manager...
         Starting Terminate Plymouth Boot Screen...
         Starting Hold until boot process finishes up...
[[0;32m  OK  [0m] Started Terminate Plymouth Boot Screen.
[[0;32m  OK  [0m] Started Hold until boot process finishes up.
         Starting Set console scheme...
[[0;32m  OK  [0m] Started Serial Getty on ttyS0.
[[0;32m  OK  [0m] Started Authorization Manager.
[[0;32m  OK  [0m] Started Accounts Service.
[[0;32m  OK  [0m] Started LSB: automatic crash report generation.
[[0;32m  OK  [0m] Started Set console scheme.
[[0;32m  OK  [0m] Created slice system-getty.slice.
[[0;32m  OK  [0m] Started Getty on tty1.
[[0;32m  OK  [0m] Reached target Login Prompts.
[[0;32m  OK  [0m] Started Virtualbox guest utils.
[[0;32m  OK  [0m] Started LSB: Record successful boot for GRUB.
[[0;32m  OK  [0m] Started LXD - container startup/shutdown.
[[0;32m  OK  [0m] Started Dispatcher daemon for systemd-networkd.
[[0;32m  OK  [0m] Started Snap Daemon.
         Starting Wait until snapd is fully seeded...
         Starting Time & Date Service...
[[0;32m  OK  [0m] Started Time & Date Service.
[[0;32m  OK  [0m] Started Pollinate to seed the pseudo random number generator.
         Starting OpenBSD Secure Shell server...
[[0;32m  OK  [0m] Started OpenBSD Secure Shell server.
[[0;32m  OK  [0m] Created slice User Slice of vagrant.
         Starting User Manager for UID 1000...
[[0;32m  OK  [0m] Started Session 1 of user vagrant.
[[0;32m  OK  [0m] Started User Manager for UID 1000.

Ubuntu 18.04.6 LTS ubuntu-bionic ttyS0

ubuntu-bionic login: [   38.359419] cloud-init[1751]: Cloud-init v. 21.4-0ubuntu1~18.04.1 running 'modules:config' at Tue, 08 Mar 2022 23:22:29 +0000. Up 37.73 seconds.
ci-info: no authorized SSH keys fingerprints found for user ubuntu.
<14>Mar  8 23:22:30 cloud-init: #############################################################
<14>Mar  8 23:22:30 cloud-init: -----BEGIN SSH HOST KEY FINGERPRINTS-----
<14>Mar  8 23:22:30 cloud-init: 1024 SHA256:sVhySCxVyQuc3lO41srUWzhR1kvV9c2ZLDDe0oX0LxU root@ubuntu-bionic (DSA)
<14>Mar  8 23:22:30 cloud-init: 256 SHA256:7nebmEUPmsBa67m4P6F74ZMBEAKVRt4PCKNtjW90dJA root@ubuntu-bionic (ECDSA)
<14>Mar  8 23:22:30 cloud-init: 256 SHA256:mYdRAX9AIJmMcmRAJCbcM627rtB1MuaQkcxFC+21PbY root@ubuntu-bionic (ED25519)
<14>Mar  8 23:22:30 cloud-init: 2048 SHA256:zmXA5VdnPPoxLJw4nDBeJiR/YD2Ol0mQfWaxIQ9Wv/c root@ubuntu-bionic (RSA)
<14>Mar  8 23:22:30 cloud-init: -----END SSH HOST KEY FINGERPRINTS-----
<14>Mar  8 23:22:30 cloud-init: #############################################################
-----BEGIN SSH HOST KEY KEYS-----
ecdsa-sha2-nistp256 AAAAE2VjZHNhLXNoYTItbmlzdHAyNTYAAAAIbmlzdHAyNTYAAABBBOau4G3tmrEqLSM6eVir2JJJRDo+9puHCrngQ9uHzD+sCjALoFsx2emlp/NUwSuKJNCoZrS1KD6zfQdsirLgTqc= root@ubuntu-bionic
ssh-ed25519 AAAAC3NzaC1lZDI1NTE5AAAAIHNRRa8wVS0aX5LSH44slziJ0s6/z2Nkd4iL7kXg9Byr root@ubuntu-bionic
ssh-rsa AAAAB3NzaC1yc2EAAAADAQABAAABAQDBUb8Ir/zU3ZbhsSuOHF/t4kCze5LKLrvn5vEBtx5z8YrccZJZuN6OnZGtHBC/D+6qzdupnWPLOJKRryc7RTeDpEqoU2jIGY1MnbAWFtxa+AAxa4HVxYbRLaoeGVaX3BBXNC1C0Ldj02hzwq9JKdeKDYRVJxGdJapawF4xEVkApm7xGMuTPFHX3nnL9tj/WCpnQKVLTQjVSJolH79pB24R1Fr0zciv/9pg6dVMj3vSO5k2VXXBBHBFeo0VBT2SqeXb9nbKoRRyva08fJSD9/LZjSu+eleWY1fpi/RmKD6Kw2KlVS73sy/azINcDCBgQAIiYWs8JHVIdenflcgcYWYv root@ubuntu-bionic
-----END SSH HOST KEY KEYS-----
[   39.576324] cloud-init[1890]: Cloud-init v. 21.4-0ubuntu1~18.04.1 running 'modules:final' at Tue, 08 Mar 2022 23:22:30 +0000. Up 39.39 seconds.
[   39.576397] cloud-init[1890]: ci-info: no authorized SSH keys fingerprints found for user ubuntu.
[   39.576434] cloud-init[1890]: Cloud-init v. 21.4-0ubuntu1~18.04.1 finished at Tue, 08 Mar 2022 23:22:30 +0000. Datasource DataSourceNoCloud [seed=/dev/sdb][dsmode=net].  Up 39.56 seconds
